------------------------------------------------------------
TimeQuest Timing Analyzer Summary
------------------------------------------------------------

Type  : Slow 1200mV 85C Model Setup 'DivisorClock:ClkDiv|clk_out'
Slack : -149.297
TNS   : -148400.899

Type  : Slow 1200mV 85C Model Setup 'clk50M'
Slack : -4.175
TNS   : -104.291

Type  : Slow 1200mV 85C Model Hold 'DivisorClock:ClkDiv|clk_out'
Slack : 0.403
TNS   : 0.000

Type  : Slow 1200mV 85C Model Hold 'clk50M'
Slack : 0.617
TNS   : 0.000

Type  : Slow 1200mV 85C Model Minimum Pulse Width 'clk50M'
Slack : -3.000
TNS   : -45.405

Type  : Slow 1200mV 85C Model Minimum Pulse Width 'DivisorClock:ClkDiv|clk_out'
Slack : -2.693
TNS   : -1402.673

Type  : Slow 1200mV 0C Model Setup 'DivisorClock:ClkDiv|clk_out'
Slack : -135.128
TNS   : -134231.778

Type  : Slow 1200mV 0C Model Setup 'clk50M'
Slack : -3.768
TNS   : -93.106

Type  : Slow 1200mV 0C Model Hold 'DivisorClock:ClkDiv|clk_out'
Slack : 0.354
TNS   : 0.000

Type  : Slow 1200mV 0C Model Hold 'clk50M'
Slack : 0.566
TNS   : 0.000

Type  : Slow 1200mV 0C Model Minimum Pulse Width 'clk50M'
Slack : -3.000
TNS   : -45.405

Type  : Slow 1200mV 0C Model Minimum Pulse Width 'DivisorClock:ClkDiv|clk_out'
Slack : -2.649
TNS   : -1402.409

Type  : Fast 1200mV 0C Model Setup 'DivisorClock:ClkDiv|clk_out'
Slack : -73.820
TNS   : -73206.620

Type  : Fast 1200mV 0C Model Setup 'clk50M'
Slack : -1.563
TNS   : -31.229

Type  : Fast 1200mV 0C Model Hold 'DivisorClock:ClkDiv|clk_out'
Slack : 0.179
TNS   : 0.000

Type  : Fast 1200mV 0C Model Hold 'clk50M'
Slack : 0.280
TNS   : 0.000

Type  : Fast 1200mV 0C Model Minimum Pulse Width 'clk50M'
Slack : -3.000
TNS   : -38.060

Type  : Fast 1200mV 0C Model Minimum Pulse Width 'DivisorClock:ClkDiv|clk_out'
Slack : -1.000
TNS   : -1085.000

------------------------------------------------------------
